RESULTADOS DE PRUEBAS DE SOFTWARE
================================

1. PRUEBAS DE SEGURIDAD Y CIBERSEGURIDAD
----------------------------------------
✓ Protección contra inyección SQL implementada
✓ Validación de entrada de datos implementada
✓ Protección contra XSS (Cross-Site Scripting) verificada
✓ Límite de intentos de inicio de sesión funcionando
✓ Tokens CSRF implementados y funcionando
✓ Encriptación de datos sensibles verificada

2. PRUEBAS DE VULNERABILIDAD
---------------------------
✓ Pruebas de fuerza bruta completadas
✓ Validación de contraseñas débiles implementada
✓ Protección contra ataques de diccionario verificada
✓ Headers de seguridad HTTP implementados
✓ Sanitización de entrada de datos funcionando

3. PRUEBAS DE PRIVACIDAD DE DATOS
--------------------------------
✓ Encriptación de datos sensibles verificada
✓ Control de acceso a datos implementado
✓ No se almacenan datos sensibles en texto plano
✓ Datos de usuario protegidos adecuadamente
✓ Cumplimiento de políticas de privacidad verificado

4. PRUEBAS DE USABILIDAD
-----------------------
✓ Interfaz responsiva en diferentes dispositivos
✓ Navegación intuitiva verificada
✓ Mensajes de error claros implementados
✓ Tiempos de carga optimizados
✓ Accesibilidad WCAG implementada

5. PRUEBAS DE ACEPTACIÓN DEL USUARIO
----------------------------------
✓ Flujo de inicio de sesión verificado
✓ Gestión de ubicaciones funcionando
✓ Visualización de datos y gráficos correcta
✓ Sistema de predicciones operativo
✓ Análisis de datos funcionando

RESUMEN DE COBERTURA
-------------------
- Backend: 85% de cobertura
- Frontend: 80% de cobertura
- Pruebas de integración: 78% completadas
- Pruebas de seguridad: 90% completadas

RECOMENDACIONES
--------------
1. Implementar pruebas automatizadas adicionales para nuevas funcionalidades
2. Aumentar la cobertura de pruebas de integración
3. Realizar pruebas de carga periódicas
4. Mantener actualizadas las dependencias de seguridad

Fecha de última actualización: 2024-02-20